https://www.youtube.com/watch?v=GGYq3UAIrzM
D:\Dev OPs\DevOps\DevSample
checkout:

cd d:                          git add foldername/\*.txt or 

ls
 cd "/D/Dev OPs/"
D:\GitTesting


cd "/DevOps/DevSample/GitCommandsTest/"
cd "/D/Dev OPs/DevOps/DevSample/GitCommandsTest/"

D:\Dev OPs\DevOps\DevSample
git status
edit one file
add
commit
edit 2nd tym
add commit
git log
note the previous version name
git checkout 




Lakshmianusha_T@HYDHTC341897D MINGW32 /d/Dev OPs/DevOps/DevSample/GitCommandsTest (master)
$ git status
On branch master
Your branch is up-to-date with 'origin/master'.
Untracked files:
  (use "git add <file>..." to include in what will be committed)

        xyz.java

nothing added to commit but untracked files present (use "git add" to track)

Lakshmianusha_T@HYDHTC341897D MINGW32 /d/Dev OPs/DevOps/DevSample/GitCommandsTest (master)
$ git add .

Lakshmianusha_T@HYDHTC341897D MINGW32 /d/Dev OPs/DevOps/DevSample/GitCommandsTest (master)
$ git status
On branch master
Your branch is up-to-date with 'origin/master'.
Changes to be committed:
  (use "git reset HEAD <file>..." to unstage)

        new file:   xyz.java


Lakshmianusha_T@HYDHTC341897D MINGW32 /d/Dev OPs/DevOps/DevSample/GitCommandsTest (master)
$ git commit -m "1"
[master f692258] 1
 1 file changed, 1 insertion(+)
 create mode 100644 xyz.java

Lakshmianusha_T@HYDHTC341897D MINGW32 /d/Dev OPs/DevOps/DevSample/GitCommandsTest (master)
$ git log
commit f6922587368dad675eebe00dfc9c801fc0ff2fa4
Author: anushatagore <Lakshmianusha_T@infosys.com>
Date:   Mon Feb 29 17:40:58 2016 +0530

    1

commit bcec12b0797314d48958c28ec2005be5b5205471
Author: anushatagore <Lakshmianusha_t@infosys.com>
Date:   Mon Feb 29 15:45:36 2016 +0530

    [ant-git-tasks] Comitted Successfully

commit 7eaef1bf6b0be67943564dde9544d329cd2b05e7
Author: anushatagore <Lakshmianusha_t@infosys.com>
Date:   Mon Feb 29 15:44:45 2016 +0530

    [ant-git-tasks] Comitted Successfully

commit 74ad7be0c05cc4372630a9aec4c8c486247c2d8f
Author: anushatagore <Lakshmianusha_t@infosys.com>
Date:   Mon Feb 29 14:54:25 2016 +0530

    [ant-git-tasks] Comitted Successfully
:

Lakshmianusha_T@HYDHTC341897D MINGW32 /d/Dev OPs/DevOps/DevSample/GitCommandsTest (master)
$ git status
On branch master
Your branch is ahead of 'origin/master' by 1 commit.
  (use "git push" to publish your local commits)
nothing to commit, working directory clean

Lakshmianusha_T@HYDHTC341897D MINGW32 /d/Dev OPs/DevOps/DevSample/GitCommandsTest (master)
$ git status
On branch master
Your branch is ahead of 'origin/master' by 1 commit.
  (use "git push" to publish your local commits)
Changes not staged for commit:
  (use "git add <file>..." to update what will be committed)
  (use "git checkout -- <file>..." to discard changes in working directory)

        modified:   xyz.java

no changes added to commit (use "git add" and/or "git commit -a")

Lakshmianusha_T@HYDHTC341897D MINGW32 /d/Dev OPs/DevOps/DevSample/GitCommandsTest (master)
$ git add .

Lakshmianusha_T@HYDHTC341897D MINGW32 /d/Dev OPs/DevOps/DevSample/GitCommandsTest (master)
$ git status
On branch master
Your branch is ahead of 'origin/master' by 1 commit.
  (use "git push" to publish your local commits)
Changes to be committed:
  (use "git reset HEAD <file>..." to unstage)

        modified:   xyz.java


Lakshmianusha_T@HYDHTC341897D MINGW32 /d/Dev OPs/DevOps/DevSample/GitCommandsTest (master)
$ git commit -m "2"
[master 9cca864] 2
 1 file changed, 3 insertions(+), 1 deletion(-)

Lakshmianusha_T@HYDHTC341897D MINGW32 /d/Dev OPs/DevOps/DevSample/GitCommandsTest (master)
$ git log
commit 9cca864af20f16bf7746295251d3aed4a88f75a8
Author: anushatagore <Lakshmianusha_T@infosys.com>
Date:   Mon Feb 29 17:44:07 2016 +0530

    2

commit f6922587368dad675eebe00dfc9c801fc0ff2fa4
Author: anushatagore <Lakshmianusha_T@infosys.com>
Date:   Mon Feb 29 17:40:58 2016 +0530

    1

commit bcec12b0797314d48958c28ec2005be5b5205471
Author: anushatagore <Lakshmianusha_t@infosys.com>
Date:   Mon Feb 29 15:45:36 2016 +0530

    [ant-git-tasks] Comitted Successfully

commit 7eaef1bf6b0be67943564dde9544d329cd2b05e7
Author: anushatagore <Lakshmianusha_t@infosys.com>
Date:   Mon Feb 29 15:44:45 2016 +0530

    [ant-git-tasks] Comitted Successfully
:

Lakshmianusha_T@HYDHTC341897D MINGW32 /d/Dev OPs/DevOps/DevSample/GitCommandsTest (master)
$ git checkout f6922587368
Note: checking out 'f6922587368'.

You are in 'detached HEAD' state. You can look around, make experimental
changes and commit them, and you can discard any commits you make in this
state without impacting any branches by performing another checkout.

If you want to create a new branch to retain commits you create, you may
do so (now or later) by using -b with the checkout command again. Example:

  git checkout -b <new-branch-name>

HEAD is now at f692258... 1

Lakshmianusha_T@HYDHTC341897D MINGW32 /d/Dev OPs/DevOps/DevSample/GitCommandsTest ((f692258...))
$
